{
  "pass": 24,
  "fail": 19,
  "other": 3,
  "total_scored": 43,
  "score": 55.81,
  "min_score": 90.0,
  "meets_floor": false,
  "gate_pass": false,
  "enforce": false,
  "failures": [
    "account_disable_post_pw_expiration",
    "accounts_max_concurrent_login_sessions",
    "accounts_maximum_age_login_defs",
    "accounts_minimum_age_login_defs",
    "accounts_password_pam_unix_rounds_password_auth",
    "accounts_passwords_pam_faildelay_delay",
    "accounts_passwords_pam_faillock_audit",
    "accounts_passwords_pam_faillock_deny",
    "accounts_passwords_pam_faillock_interval",
    "accounts_passwords_pam_faillock_silent",
    "accounts_passwords_pam_faillock_unlock_time",
    "accounts_umask_etc_login_defs",
    "banner_etc_profiled_ssh_confirm",
    "clean_components_post_updating",
    "display_login_attempts",
    "file_groupowner_var_log",
    "file_permissions_var_log_stig",
    "package_pam_pwquality_installed",
    "set_password_hashing_algorithm_auth_stig"
  ],
  "regressions": [],
  "baseline": null,
  "openscap_line": "OpenSCAP: pass=24 fail=19 score=55.8% (target 90%)"
}
